'♠A','\_b[..\..\shell\cultural-festival\cards\s01.png,inline,opaque]♠A'
'♠2','\_b[..\..\shell\cultural-festival\cards\s02.png,inline,opaque]♠2'
'♠3','\_b[..\..\shell\cultural-festival\cards\s03.png,inline,opaque]♠3'
'♠4','\_b[..\..\shell\cultural-festival\cards\s04.png,inline,opaque]♠4'
'♠5','\_b[..\..\shell\cultural-festival\cards\s05.png,inline,opaque]♠5'
'♠6','\_b[..\..\shell\cultural-festival\cards\s06.png,inline,opaque]♠6'
'♠7','\_b[..\..\shell\cultural-festival\cards\s07.png,inline,opaque]♠7'
'♠8','\_b[..\..\shell\cultural-festival\cards\s08.png,inline,opaque]♠8'
'♠9','\_b[..\..\shell\cultural-festival\cards\s09.png,inline,opaque]♠9'
'♠10','\_b[..\..\shell\cultural-festival\cards\s10.png,inline,opaque]♠10'
'♠J','\_b[..\..\shell\cultural-festival\cards\s11.png,inline,opaque]♠J'
'♠Q','\_b[..\..\shell\cultural-festival\cards\s12.png,inline,opaque]♠Q'
'♠K','\_b[..\..\shell\cultural-festival\cards\s13.png,inline,opaque]♠K'
'♥A','\_b[..\..\shell\cultural-festival\cards\h01.png,inline,opaque]♥A'
'♥2','\_b[..\..\shell\cultural-festival\cards\h02.png,inline,opaque]♥2'
'♥3','\_b[..\..\shell\cultural-festival\cards\h03.png,inline,opaque]♥3'
'♥4','\_b[..\..\shell\cultural-festival\cards\h04.png,inline,opaque]♥4'
'♥5','\_b[..\..\shell\cultural-festival\cards\h05.png,inline,opaque]♥5'
'♥6','\_b[..\..\shell\cultural-festival\cards\h06.png,inline,opaque]♥6'
'♥7','\_b[..\..\shell\cultural-festival\cards\h07.png,inline,opaque]♥7'
'♥8','\_b[..\..\shell\cultural-festival\cards\h08.png,inline,opaque]♥8'
'♥9','\_b[..\..\shell\cultural-festival\cards\h09.png,inline,opaque]♥9'
'♥10','\_b[..\..\shell\cultural-festival\cards\h10.png,inline,opaque]♥10'
'♥J','\_b[..\..\shell\cultural-festival\cards\h11.png,inline,opaque]♥J'
'♥Q','\_b[..\..\shell\cultural-festival\cards\h12.png,inline,opaque]♥Q'
'♥K','\_b[..\..\shell\cultural-festival\cards\h13.png,inline,opaque]♥K'
'♦A','\_b[..\..\shell\cultural-festival\cards\d01.png,inline,opaque]♦A'
'♦2','\_b[..\..\shell\cultural-festival\cards\d02.png,inline,opaque]♦2'
'♦3','\_b[..\..\shell\cultural-festival\cards\d03.png,inline,opaque]♦3'
'♦4','\_b[..\..\shell\cultural-festival\cards\d04.png,inline,opaque]♦4'
'♦5','\_b[..\..\shell\cultural-festival\cards\d05.png,inline,opaque]♦5'
'♦6','\_b[..\..\shell\cultural-festival\cards\d06.png,inline,opaque]♦6'
'♦7','\_b[..\..\shell\cultural-festival\cards\d07.png,inline,opaque]♦7'
'♦8','\_b[..\..\shell\cultural-festival\cards\d08.png,inline,opaque]♦8'
'♦9','\_b[..\..\shell\cultural-festival\cards\d09.png,inline,opaque]♦9'
'♦10','\_b[..\..\shell\cultural-festival\cards\d10.png,inline,opaque]♦10'
'♦J','\_b[..\..\shell\cultural-festival\cards\d11.png,inline,opaque]♦J'
'♦Q','\_b[..\..\shell\cultural-festival\cards\d12.png,inline,opaque]♦Q'
'♦K','\_b[..\..\shell\cultural-festival\cards\d13.png,inline,opaque]♦K'
'♣A','\_b[..\..\shell\cultural-festival\cards\c01.png,inline,opaque]♣A'
'♣2','\_b[..\..\shell\cultural-festival\cards\c02.png,inline,opaque]♣2'
'♣3','\_b[..\..\shell\cultural-festival\cards\c03.png,inline,opaque]♣3'
'♣4','\_b[..\..\shell\cultural-festival\cards\c04.png,inline,opaque]♣4'
'♣5','\_b[..\..\shell\cultural-festival\cards\c05.png,inline,opaque]♣5'
'♣6','\_b[..\..\shell\cultural-festival\cards\c06.png,inline,opaque]♣6'
'♣7','\_b[..\..\shell\cultural-festival\cards\C07.png,inline,opaque]♣7'
'♣8','\_b[..\..\shell\cultural-festival\cards\C08.png,inline,opaque]♣8'
'♣9','\_b[..\..\shell\cultural-festival\cards\c09.png,inline,opaque]♣9'
'♣10','\_b[..\..\shell\cultural-festival\cards\c10.png,inline,opaque]♣10'
'♣J','\_b[..\..\shell\cultural-festival\cards\c11.png,inline,opaque]♣J'
'♣Q','\_b[..\..\shell\cultural-festival\cards\c12.png,inline,opaque]♣Q'
'♣K','\_b[..\..\shell\cultural-festival\cards\c13.png,inline,opaque]♣K'
